[{"key":"Ready to Analyze","values":[{"x":"KTD-91","y":0},{"x":"KTD-95","y":0.07},{"x":"KTD-97","y":3.24},{"x":"KTD-102","y":0.75}]},{"key":"Analyze","values":[{"x":"KTD-91","y":0},{"x":"KTD-95","y":35.1},{"x":"KTD-97","y":1.38},{"x":"KTD-102","y":0.89}]},{"key":"Ready for Development","values":[{"x":"KTD-91","y":0.22},{"x":"KTD-95","y":35.19},{"x":"KTD-97","y":0},{"x":"KTD-102","y":2.25}]},{"key":"In Progress","values":[{"x":"KTD-91","y":79.22},{"x":"KTD-95","y":29.63},{"x":"KTD-97","y":20.04},{"x":"KTD-102","y":96.11}]},{"key":"Under Review","values":[{"x":"KTD-91","y":0},{"x":"KTD-95","y":0},{"x":"KTD-97","y":1.93},{"x":"KTD-102","y":0}]},{"key":"Ready for Test","values":[{"x":"KTD-91","y":0},{"x":"KTD-95","y":0},{"x":"KTD-97","y":0},{"x":"KTD-102","y":0}]},{"key":"Under Test","values":[{"x":"KTD-91","y":0},{"x":"KTD-95","y":0},{"x":"KTD-97","y":73.42},{"x":"KTD-102","y":0}]},{"key":"Ready to Accept","values":[{"x":"KTD-91","y":20.56},{"x":"KTD-95","y":0},{"x":"KTD-97","y":0},{"x":"KTD-102","y":0}]},{"key":"Accept","values":[{"x":"KTD-91","y":0},{"x":"KTD-95","y":0},{"x":"KTD-97","y":0},{"x":"KTD-102","y":0}]}]