[{"x":1445385600000,"y":0},{"x":1445472000000,"y":0},{"x":1445558400000,"y":1}]