[{"x":1445378400000,"y":0},{"x":1445464800000,"y":0},{"x":1445551200000,"y":1},{"x":1445637600000,"y":0},{"x":1445724000000,"y":0},{"x":1445814000000,"y":0},{"x":1445900400000,"y":0}]