[{"expand":"operations,versionedRepresentations,editmeta,changelog,transitions,renderedFields","id":"10409","self":"https://kanalyzer.atlassian.net/rest/api/2/issue/10409","key":"KTD-43","fields":{"issuetype":{"self":"https://kanalyzer.atlassian.net/rest/api/2/issuetype/10001","id":"10001","description":"The sub-task of the issue","iconUrl":"https://kanalyzer.atlassian.net/secure/viewavatar?size=xsmall&avatarId=10501&avatarType=issuetype","name":"Sub-task","subtask":true,"avatarId":10501},"parent":{"id":"10402","key":"KTD-36","self":"https://kanalyzer.atlassian.net/rest/api/2/issue/10402","fields":{"summary":"Calculate Process Efficiency and display it on webapp","status":{"self":"https://kanalyzer.atlassian.net/rest/api/2/status/10004","description":"This status is managed internally by JIRA Agile","iconUrl":"https://kanalyzer.atlassian.net/","name":"Develop","id":"10004","statusCategory":{"self":"https://kanalyzer.atlassian.net/rest/api/2/statuscategory/4","id":4,"key":"indeterminate","colorName":"yellow","name":"In Progress"}},"priority":{"self":"https://kanalyzer.atlassian.net/rest/api/2/priority/3","iconUrl":"https://kanalyzer.atlassian.net/images/icons/priorities/medium.svg","name":"Medium","id":"3"},"issuetype":{"self":"https://kanalyzer.atlassian.net/rest/api/2/issuetype/10003","id":"10003","description":"Created by JIRA Agile - do not edit or delete. Issue type for a user story.","iconUrl":"https://kanalyzer.atlassian.net/images/icons/issuetypes/story.png","name":"Story","subtask":false}}},"timespent":null,"project":{"self":"https://kanalyzer.atlassian.net/rest/api/2/project/10000","id":"10000","key":"KTD","name":"Kanalyzer Test Data","avatarUrls":{"48x48":"https://kanalyzer.atlassian.net/secure/projectavatar?pid=10000&avatarId=10325","24x24":"https://kanalyzer.atlassian.net/secure/projectavatar?size=small&pid=10000&avatarId=10325","16x16":"https://kanalyzer.atlassian.net/secure/projectavatar?size=xsmall&pid=10000&avatarId=10325","32x32":"https://kanalyzer.atlassian.net/secure/projectavatar?size=medium&pid=10000&avatarId=10325"}},"fixVersions":[],"aggregatetimespent":null,"resolution":null,"resolutiondate":null,"workratio":-1,"lastViewed":"2015-10-06T10:26:09.854+0200","watches":{"self":"https://kanalyzer.atlassian.net/rest/api/2/issue/KTD-43/watchers","watchCount":1,"isWatching":true},"created":"2015-10-06T10:25:55.000+0200","customfield_10020":null,"customfield_10021":null,"customfield_10022":null,"priority":{"self":"https://kanalyzer.atlassian.net/rest/api/2/priority/3","iconUrl":"https://kanalyzer.atlassian.net/images/icons/priorities/medium.svg","name":"Medium","id":"3"},"customfield_10023":"Not started","customfield_10024":null,"labels":[],"customfield_10016":null,"customfield_10017":null,"customfield_10018":null,"customfield_10019":null,"timeestimate":null,"aggregatetimeoriginalestimate":null,"versions":[],"issuelinks":[],"assignee":{"self":"https://kanalyzer.atlassian.net/rest/api/2/user?username=martin.w.greer","name":"martin.w.greer","key":"martin.w.greer","emailAddress":"martin.w.greer@gmail.com","avatarUrls":{"48x48":"https://kanalyzer.atlassian.net/secure/useravatar?avatarId=10346","24x24":"https://kanalyzer.atlassian.net/secure/useravatar?size=small&avatarId=10346","16x16":"https://kanalyzer.atlassian.net/secure/useravatar?size=xsmall&avatarId=10346","32x32":"https://kanalyzer.atlassian.net/secure/useravatar?size=medium&avatarId=10346"},"displayName":"Martin Greer","active":true,"timeZone":"Europe/Berlin"},"updated":"2015-10-06T10:26:09.000+0200","status":{"self":"https://kanalyzer.atlassian.net/rest/api/2/status/10004","description":"This status is managed internally by JIRA Agile","iconUrl":"https://kanalyzer.atlassian.net/","name":"Develop","id":"10004","statusCategory":{"self":"https://kanalyzer.atlassian.net/rest/api/2/statuscategory/4","id":4,"key":"indeterminate","colorName":"yellow","name":"In Progress"}},"components":[],"timeoriginalestimate":null,"description":null,"customfield_10012":"0|i0009b:","customfield_10013":null,"customfield_10014":null,"customfield_10015":null,"customfield_10007":null,"customfield_10009":null,"aggregatetimeestimate":null,"summary":"Calculate Cycle Time for many issues and display them in a table","creator":{"self":"https://kanalyzer.atlassian.net/rest/api/2/user?username=martin.w.greer","name":"martin.w.greer","key":"martin.w.greer","emailAddress":"martin.w.greer@gmail.com","avatarUrls":{"48x48":"https://kanalyzer.atlassian.net/secure/useravatar?avatarId=10346","24x24":"https://kanalyzer.atlassian.net/secure/useravatar?size=small&avatarId=10346","16x16":"https://kanalyzer.atlassian.net/secure/useravatar?size=xsmall&avatarId=10346","32x32":"https://kanalyzer.atlassian.net/secure/useravatar?size=medium&avatarId=10346"},"displayName":"Martin Greer","active":true,"timeZone":"Europe/Berlin"},"subtasks":[],"reporter":{"self":"https://kanalyzer.atlassian.net/rest/api/2/user?username=martin.w.greer","name":"martin.w.greer","key":"martin.w.greer","emailAddress":"martin.w.greer@gmail.com","avatarUrls":{"48x48":"https://kanalyzer.atlassian.net/secure/useravatar?avatarId=10346","24x24":"https://kanalyzer.atlassian.net/secure/useravatar?size=small&avatarId=10346","16x16":"https://kanalyzer.atlassian.net/secure/useravatar?size=xsmall&avatarId=10346","32x32":"https://kanalyzer.atlassian.net/secure/useravatar?size=medium&avatarId=10346"},"displayName":"Martin Greer","active":true,"timeZone":"Europe/Berlin"},"customfield_10000":null,"aggregateprogress":{"progress":0,"total":0},"customfield_10001":null,"customfield_10002":null,"customfield_10003":null,"customfield_10004":null,"environment":null,"duedate":null,"progress":{"progress":0,"total":0},"votes":{"self":"https://kanalyzer.atlassian.net/rest/api/2/issue/KTD-43/votes","votes":0,"hasVoted":false}},"changelog":{"startAt":0,"maxResults":2,"total":2,"histories":[{"id":"10430","author":{"self":"https://kanalyzer.atlassian.net/rest/api/2/user?username=martin.w.greer","name":"martin.w.greer","key":"martin.w.greer","emailAddress":"martin.w.greer@gmail.com","avatarUrls":{"48x48":"https://kanalyzer.atlassian.net/secure/useravatar?avatarId=10346","24x24":"https://kanalyzer.atlassian.net/secure/useravatar?size=small&avatarId=10346","16x16":"https://kanalyzer.atlassian.net/secure/useravatar?size=xsmall&avatarId=10346","32x32":"https://kanalyzer.atlassian.net/secure/useravatar?size=medium&avatarId=10346"},"displayName":"Martin Greer","active":true,"timeZone":"Europe/Berlin"},"created":"2015-10-06T10:26:03.814+0200","items":[{"field":"assignee","fieldtype":"jira","from":null,"fromString":null,"to":"martin.w.greer","toString":"Martin Greer"}]},{"id":"10431","author":{"self":"https://kanalyzer.atlassian.net/rest/api/2/user?username=martin.w.greer","name":"martin.w.greer","key":"martin.w.greer","emailAddress":"martin.w.greer@gmail.com","avatarUrls":{"48x48":"https://kanalyzer.atlassian.net/secure/useravatar?avatarId=10346","24x24":"https://kanalyzer.atlassian.net/secure/useravatar?size=small&avatarId=10346","16x16":"https://kanalyzer.atlassian.net/secure/useravatar?size=xsmall&avatarId=10346","32x32":"https://kanalyzer.atlassian.net/secure/useravatar?size=medium&avatarId=10346"},"displayName":"Martin Greer","active":true,"timeZone":"Europe/Berlin"},"created":"2015-10-06T10:26:09.877+0200","items":[{"field":"status","fieldtype":"jira","from":"10000","fromString":"To Do","to":"10004","toString":"Develop"}]}]}},{"expand":"operations,versionedRepresentations,editmeta,changelog,transitions,renderedFields","id":"10408","self":"https://kanalyzer.atlassian.net/rest/api/2/issue/10408","key":"KTD-42","fields":{"issuetype":{"self":"https://kanalyzer.atlassian.net/rest/api/2/issuetype/10001","id":"10001","description":"The sub-task of the issue","iconUrl":"https://kanalyzer.atlassian.net/secure/viewavatar?size=xsmall&avatarId=10501&avatarType=issuetype","name":"Sub-task","subtask":true,"avatarId":10501},"parent":{"id":"10402","key":"KTD-36","self":"https://kanalyzer.atlassian.net/rest/api/2/issue/10402","fields":{"summary":"Calculate Process Efficiency and display it on webapp","status":{"self":"https://kanalyzer.atlassian.net/rest/api/2/status/10004","description":"This status is managed internally by JIRA Agile","iconUrl":"https://kanalyzer.atlassian.net/","name":"Develop","id":"10004","statusCategory":{"self":"https://kanalyzer.atlassian.net/rest/api/2/statuscategory/4","id":4,"key":"indeterminate","colorName":"yellow","name":"In Progress"}},"priority":{"self":"https://kanalyzer.atlassian.net/rest/api/2/priority/3","iconUrl":"https://kanalyzer.atlassian.net/images/icons/priorities/medium.svg","name":"Medium","id":"3"},"issuetype":{"self":"https://kanalyzer.atlassian.net/rest/api/2/issuetype/10003","id":"10003","description":"Created by JIRA Agile - do not edit or delete. Issue type for a user story.","iconUrl":"https://kanalyzer.atlassian.net/images/icons/issuetypes/story.png","name":"Story","subtask":false}}},"timespent":null,"project":{"self":"https://kanalyzer.atlassian.net/rest/api/2/project/10000","id":"10000","key":"KTD","name":"Kanalyzer Test Data","avatarUrls":{"48x48":"https://kanalyzer.atlassian.net/secure/projectavatar?pid=10000&avatarId=10325","24x24":"https://kanalyzer.atlassian.net/secure/projectavatar?size=small&pid=10000&avatarId=10325","16x16":"https://kanalyzer.atlassian.net/secure/projectavatar?size=xsmall&pid=10000&avatarId=10325","32x32":"https://kanalyzer.atlassian.net/secure/projectavatar?size=medium&pid=10000&avatarId=10325"}},"fixVersions":[],"aggregatetimespent":null,"resolution":{"self":"https://kanalyzer.atlassian.net/rest/api/2/resolution/10000","id":"10000","description":"Work has been completed on this issue.","name":"Done"},"resolutiondate":"2015-10-02T16:22:55.000+0200","workratio":-1,"lastViewed":"2015-10-02T16:22:55.683+0200","watches":{"self":"https://kanalyzer.atlassian.net/rest/api/2/issue/KTD-42/watchers","watchCount":1,"isWatching":true},"created":"2015-10-01T15:20:38.000+0200","customfield_10020":null,"customfield_10021":null,"customfield_10022":null,"priority":{"self":"https://kanalyzer.atlassian.net/rest/api/2/priority/3","iconUrl":"https://kanalyzer.atlassian.net/images/icons/priorities/medium.svg","name":"Medium","id":"3"},"customfield_10023":"Not started","customfield_10024":null,"labels":[],"customfield_10016":null,"customfield_10017":null,"customfield_10018":null,"customfield_10019":null,"timeestimate":null,"aggregatetimeoriginalestimate":null,"versions":[],"issuelinks":[],"assignee":{"self":"https://kanalyzer.atlassian.net/rest/api/2/user?username=martin.w.greer","name":"martin.w.greer","key":"martin.w.greer","emailAddress":"martin.w.greer@gmail.com","avatarUrls":{"48x48":"https://kanalyzer.atlassian.net/secure/useravatar?avatarId=10346","24x24":"https://kanalyzer.atlassian.net/secure/useravatar?size=small&avatarId=10346","16x16":"https://kanalyzer.atlassian.net/secure/useravatar?size=xsmall&avatarId=10346","32x32":"https://kanalyzer.atlassian.net/secure/useravatar?size=medium&avatarId=10346"},"displayName":"Martin Greer","active":true,"timeZone":"Europe/Berlin"},"updated":"2015-10-02T16:22:55.000+0200","status":{"self":"https://kanalyzer.atlassian.net/rest/api/2/status/10001","description":"","iconUrl":"https://kanalyzer.atlassian.net/images/icons/statuses/closed.png","name":"Done","id":"10001","statusCategory":{"self":"https://kanalyzer.atlassian.net/rest/api/2/statuscategory/3","id":3,"key":"done","colorName":"green","name":"Done"}},"components":[],"timeoriginalestimate":null,"description":null,"customfield_10012":"0|i00093:","customfield_10013":null,"customfield_10014":null,"customfield_10015":null,"customfield_10007":null,"customfield_10009":null,"aggregatetimeestimate":null,"summary":"Display Cycle Time result in PE tab","creator":{"self":"https://kanalyzer.atlassian.net/rest/api/2/user?username=martin.w.greer","name":"martin.w.greer","key":"martin.w.greer","emailAddress":"martin.w.greer@gmail.com","avatarUrls":{"48x48":"https://kanalyzer.atlassian.net/secure/useravatar?avatarId=10346","24x24":"https://kanalyzer.atlassian.net/secure/useravatar?size=small&avatarId=10346","16x16":"https://kanalyzer.atlassian.net/secure/useravatar?size=xsmall&avatarId=10346","32x32":"https://kanalyzer.atlassian.net/secure/useravatar?size=medium&avatarId=10346"},"displayName":"Martin Greer","active":true,"timeZone":"Europe/Berlin"},"subtasks":[],"reporter":{"self":"https://kanalyzer.atlassian.net/rest/api/2/user?username=martin.w.greer","name":"martin.w.greer","key":"martin.w.greer","emailAddress":"martin.w.greer@gmail.com","avatarUrls":{"48x48":"https://kanalyzer.atlassian.net/secure/useravatar?avatarId=10346","24x24":"https://kanalyzer.atlassian.net/secure/useravatar?size=small&avatarId=10346","16x16":"https://kanalyzer.atlassian.net/secure/useravatar?size=xsmall&avatarId=10346","32x32":"https://kanalyzer.atlassian.net/secure/useravatar?size=medium&avatarId=10346"},"displayName":"Martin Greer","active":true,"timeZone":"Europe/Berlin"},"customfield_10000":null,"aggregateprogress":{"progress":0,"total":0},"customfield_10001":"10000_*:*_1_*:*_4621_*|*_10001_*:*_1_*:*_0_*|*_10004_*:*_1_*:*_90132361","customfield_10002":null,"customfield_10003":null,"customfield_10004":null,"environment":null,"duedate":null,"progress":{"progress":0,"total":0},"votes":{"self":"https://kanalyzer.atlassian.net/rest/api/2/issue/KTD-42/votes","votes":0,"hasVoted":false}},"changelog":{"startAt":0,"maxResults":3,"total":3,"histories":[{"id":"10423","author":{"self":"https://kanalyzer.atlassian.net/rest/api/2/user?username=martin.w.greer","name":"martin.w.greer","key":"martin.w.greer","emailAddress":"martin.w.greer@gmail.com","avatarUrls":{"48x48":"https://kanalyzer.atlassian.net/secure/useravatar?avatarId=10346","24x24":"https://kanalyzer.atlassian.net/secure/useravatar?size=small&avatarId=10346","16x16":"https://kanalyzer.atlassian.net/secure/useravatar?size=xsmall&avatarId=10346","32x32":"https://kanalyzer.atlassian.net/secure/useravatar?size=medium&avatarId=10346"},"displayName":"Martin Greer","active":true,"timeZone":"Europe/Berlin"},"created":"2015-10-01T15:20:43.344+0200","items":[{"field":"status","fieldtype":"jira","from":"10000","fromString":"To Do","to":"10004","toString":"Develop"}]},{"id":"10424","author":{"self":"https://kanalyzer.atlassian.net/rest/api/2/user?username=martin.w.greer","name":"martin.w.greer","key":"martin.w.greer","emailAddress":"martin.w.greer@gmail.com","avatarUrls":{"48x48":"https://kanalyzer.atlassian.net/secure/useravatar?avatarId=10346","24x24":"https://kanalyzer.atlassian.net/secure/useravatar?size=small&avatarId=10346","16x16":"https://kanalyzer.atlassian.net/secure/useravatar?size=xsmall&avatarId=10346","32x32":"https://kanalyzer.atlassian.net/secure/useravatar?size=medium&avatarId=10346"},"displayName":"Martin Greer","active":true,"timeZone":"Europe/Berlin"},"created":"2015-10-01T15:21:02.798+0200","items":[{"field":"assignee","fieldtype":"jira","from":null,"fromString":null,"to":"martin.w.greer","toString":"Martin Greer"}]},{"id":"10429","author":{"self":"https://kanalyzer.atlassian.net/rest/api/2/user?username=martin.w.greer","name":"martin.w.greer","key":"martin.w.greer","emailAddress":"martin.w.greer@gmail.com","avatarUrls":{"48x48":"https://kanalyzer.atlassian.net/secure/useravatar?avatarId=10346","24x24":"https://kanalyzer.atlassian.net/secure/useravatar?size=small&avatarId=10346","16x16":"https://kanalyzer.atlassian.net/secure/useravatar?size=xsmall&avatarId=10346","32x32":"https://kanalyzer.atlassian.net/secure/useravatar?size=medium&avatarId=10346"},"displayName":"Martin Greer","active":true,"timeZone":"Europe/Berlin"},"created":"2015-10-02T16:22:55.705+0200","items":[{"field":"resolution","fieldtype":"jira","from":null,"fromString":null,"to":"10000","toString":"Done"},{"field":"status","fieldtype":"jira","from":"10004","fromString":"Develop","to":"10001","toString":"Done"}]}]}}]