[{"x":0,"y":1499000},{"x":1,"y":88258000},{"x":2,"y":19194000},{"x":3,"y":2014000}]