[{"key":"Ready for Release","values":[{"x":1445378400000,"y":0},{"x":1445464800000,"y":0},{"x":1445551200000,"y":0},{"x":1445637600000,"y":1},{"x":1445724000000,"y":1},{"x":1445814000000,"y":2},{"x":1445900400000,"y":2}]},{"key":"Accept","values":[{"x":1445378400000,"y":0},{"x":1445464800000,"y":0},{"x":1445551200000,"y":0},{"x":1445637600000,"y":0},{"x":1445724000000,"y":0},{"x":1445814000000,"y":0},{"x":1445900400000,"y":0}]},{"key":"Ready to Accept","values":[{"x":1445378400000,"y":0},{"x":1445464800000,"y":0},{"x":1445551200000,"y":0},{"x":1445637600000,"y":0},{"x":1445724000000,"y":0},{"x":1445814000000,"y":0},{"x":1445900400000,"y":0}]},{"key":"Under Test","values":[{"x":1445378400000,"y":0},{"x":1445464800000,"y":0},{"x":1445551200000,"y":0},{"x":1445637600000,"y":0},{"x":1445724000000,"y":0},{"x":1445814000000,"y":0},{"x":1445900400000,"y":0}]},{"key":"Ready for Test","values":[{"x":1445378400000,"y":0},{"x":1445464800000,"y":0},{"x":1445551200000,"y":0},{"x":1445637600000,"y":0},{"x":1445724000000,"y":0},{"x":1445814000000,"y":0},{"x":1445900400000,"y":0}]},{"key":"Under Review","values":[{"x":1445378400000,"y":0},{"x":1445464800000,"y":0},{"x":1445551200000,"y":0},{"x":1445637600000,"y":0},{"x":1445724000000,"y":0},{"x":1445814000000,"y":0},{"x":1445900400000,"y":0}]},{"key":"In Progress","values":[{"x":1445378400000,"y":0},{"x":1445464800000,"y":0},{"x":1445551200000,"y":1},{"x":1445637600000,"y":0},{"x":1445724000000,"y":0},{"x":1445814000000,"y":0},{"x":1445900400000,"y":0}]},{"key":"Ready for Development","values":[{"x":1445378400000,"y":0},{"x":1445464800000,"y":1},{"x":1445551200000,"y":0},{"x":1445637600000,"y":0},{"x":1445724000000,"y":0},{"x":1445814000000,"y":0},{"x":1445900400000,"y":0}]},{"key":"Analyze","values":[{"x":1445378400000,"y":0},{"x":1445464800000,"y":0},{"x":1445551200000,"y":0},{"x":1445637600000,"y":0},{"x":1445724000000,"y":0},{"x":1445814000000,"y":0},{"x":1445900400000,"y":0}]},{"key":"Ready to Analyze","values":[{"x":1445378400000,"y":0},{"x":1445464800000,"y":0},{"x":1445551200000,"y":0},{"x":1445637600000,"y":0},{"x":1445724000000,"y":0},{"x":1445814000000,"y":0},{"x":1445900400000,"y":0}]},{"key":"Refine Backlog","values":[{"x":1445378400000,"y":0},{"x":1445464800000,"y":0},{"x":1445551200000,"y":0},{"x":1445637600000,"y":1},{"x":1445724000000,"y":1},{"x":1445814000000,"y":0},{"x":1445900400000,"y":0}]},{"key":"Ready to Refine","values":[{"x":1445378400000,"y":0},{"x":1445464800000,"y":0},{"x":1445551200000,"y":0},{"x":1445637600000,"y":0},{"x":1445724000000,"y":0},{"x":1445814000000,"y":0},{"x":1445900400000,"y":0}]}]