[{"columnName":"Ready to Refine","columnCategory":"Delay"},{"columnName":"Refine Backlog","columnCategory":"Execution"},{"columnName":"Ready to Analyze","columnCategory":"Delay"},{"columnName":"Analyze","columnCategory":"Execution"},{"columnName":"Ready for Development","columnCategory":"Delay"},{"columnName":"In Progress","columnCategory":"Execution"},{"columnName":"Under Review","columnCategory":"Execution"},{"columnName":"Ready for Test","columnCategory":"Delay"},{"columnName":"Under Test","columnCategory":"Execution"},{"columnName":"Ready to Accept","columnCategory":"Delay"},{"columnName":"Accept","columnCategory":"Execution"},{"columnName":"Ready for Releas","columnCategory":"Done"}]