[{"name":"Ready to Refine","statuses":[{"id":"10000","self":"https://dummy_domain.atlassian.net/rest/api/2/status/10000"}],"category":"Ignore"},{"name":"Refine Backlog","statuses":[{"id":"10010","self":"https://dummy_domain.atlassian.net/rest/api/2/status/10213"}],"min":2,"max":2,"category":"Ignore"},{"name":"Ready to Analyze","statuses":[{"id":"10012","self":"https://dummy_domain.atlassian.net/rest/api/2/status/10204"}],"category":"Delay"},{"name":"Analyze","statuses":[{"id":"10002","self":"https://dummy_domain.atlassian.net/rest/api/2/status/10205"}],"category":"Execution"},{"name":"Ready for Development","statuses":[{"id":"10003","self":"https://dummy_domain.atlassian.net/rest/api/2/status/10212"}],"category":"Delay"},{"name":"In Progress","statuses":[{"id":"3","self":"https://dummy_domain.atlassian.net/rest/api/2/status/3"},{"id":"10004","self":"https://dummy_domain.atlassian.net/rest/api/2/status/10203"}],"category":"Execution"},{"name":"Under Review","statuses":[{"id":"10005","self":"https://dummy_domain.atlassian.net/rest/api/2/status/10211"}],"category":"Execution"},{"name":"Ready for Test","statuses":[{"id":"10006","self":"https://dummy_domain.atlassian.net/rest/api/2/status/10206"}],"category":"Delay"},{"name":"Under Test","statuses":[{"id":"10007","self":"https://dummy_domain.atlassian.net/rest/api/2/status/10207"}],"category":"Execution"},{"name":"Ready to Accept","statuses":[{"id":"10008","self":"https://dummy_domain.atlassian.net/rest/api/2/status/10208"}],"category":"Delay"},{"name":"Accept","statuses":[{"id":"10009","self":"https://dummy_domain.atlassian.net/rest/api/2/status/10209"}],"category":"Execution"},{"name":"Ready for Release","statuses":[{"id":"10001","self":"https://dummy_domain.atlassian.net/rest/api/2/status/10001"}],"category":"Done"}]