[{"key":"Ready to Analyze","values":[{"x":"KTD-113","y":0}]},{"key":"Analyze","values":[{"x":"KTD-113","y":98.27}]},{"key":"Ready for Development","values":[{"x":"KTD-113","y":1.72}]},{"key":"In Progress","values":[{"x":"KTD-113","y":0.01}]},{"key":"Under Review","values":[{"x":"KTD-113","y":0}]},{"key":"Ready for Test","values":[{"x":"KTD-113","y":0}]},{"key":"Under Test","values":[{"x":"KTD-113","y":0}]},{"key":"Ready to Accept","values":[{"x":"KTD-113","y":0}]},{"key":"Accept","values":[{"x":"KTD-113","y":0}]}]